// Vitest Snapshot v1, https://vitest.dev/guide/snapshot.html

exports[`Composition Items Snapshot > Render correctly 1`] = `
<div
  class="border border-gray-200 p-3 mb-4 rounded"
>
  <div>
    <h4
      class="inline-block text-sm font-bold"
    />
    <button
      class="ml-1 py-1 px-2 text-sm rounded text-white bg-red-600 float-right"
    >
      <i
        class="fa fa-times"
      />
    </button>
    <button
      class="ml-1 py-1 px-2 text-sm rounded text-white bg-blue-600 float-right"
    >
      <i
        class="fa fa-pencil-alt"
      />
    </button>
  </div>
  <div
    style="display: none;"
  >
    <!--v-if-->
    <vee-form
      initial-values="[object Object]"
      validation-schema="[object Object]"
    >
      <div
        class="mb-3"
      >
        <label
          class="inline-block mb-2"
        >
          composition-items.song-title
        </label>
        <vee-field
          class="block w-full py-1.5 px-3 text-gray-800 border border-gray-300 transition duration-500 focus:outline-none focus:border-black rounded"
          name="modifiedName"
          placeholder="composition-items.enter-song-title"
          type="text"
        />
        <errormessage
          class="text-red-600"
          name="modifiedName"
        />
      </div>
      <div
        class="mb-3"
      >
        <label
          class="inline-block mb-2"
        >
          composition-items.genre
        </label>
        <vee-field
          class="block w-full py-1.5 px-3 text-gray-800 border border-gray-300 transition duration-500 focus:outline-none focus:border-black rounded"
          name="genre"
          placeholder="composition-items.enter-genre"
          type="text"
        />
        <errormessage
          class="text-red-600"
          name="genre"
        />
      </div>
      <button
        class="py-1.5 px-3 mr-2 rounded text-white bg-green-600"
        type="submit"
      >
        composition-items.submit-btn
      </button>
      <button
        class="py-1.5 px-3 rounded text-white bg-gray-600"
        type="button"
      >
        composition-items.back-btn
      </button>
    </vee-form>
  </div>
</div>
`;
