// Vitest Snapshot v1, https://vitest.dev/guide/snapshot.html

exports[`Manage snapshot > Render manage component correctly 1`] = `
<div
  data-v-app=""
>
  
  <!-- Main Content -->
  <section
    class="container mx-auto mt-6"
  >
    <div
      class="md:grid md:grid-cols-3 md:gap-4"
    >
      <div
        class="col-span-1"
        id="upload-wrapper"
      >
        <upload-stub
          addsong="[Function]"
        />
      </div>
      <div
        class="col-span-2"
      >
        <div
          class="bg-white rounded border border-gray-200 relative flex flex-col"
        >
          <div
            class="px-6 pt-6 pb-5 font-bold border-b border-gray-200"
          >
            <span
              class="card-title"
            >
              manage.my-song
            </span>
            <i
              class="fa fa-compact-disc float-right text-green-400 text-2xl"
            />
          </div>
          <div
            class="p-6 h-full mb-12"
          >
            <!-- Composition Items -->
            
            
          </div>
        </div>
      </div>
    </div>
  </section>
  
</div>
`;
